// Jest Snapshot v1, https://goo.gl/fbAQLP

exports[`expect Calculator to match snapshot 1`] = `
<div>
  <div
    className="calc-header"
  >
    <h3>
      lets do some math
    </h3>
  </div>
  <div
    className="Calculator"
  >
    <input
      className="answer"
      disabled="disabled"
      onChange={[Function]}
      style={
        Object {
          "direction": "rtl",
        }
      }
      type="text"
      value="0"
    />
    <button
      onClick={[Function]}
      type="button"
    >
      AC
    </button>
    <button
      onClick={[Function]}
      type="button"
    >
      +/−
    </button>
    <button
      onClick={[Function]}
      type="button"
    >
      %
    </button>
    <button
      className="sacndry-color"
      onClick={[Function]}
      type="button"
    >
      ÷
    </button>
    <button
      onClick={[Function]}
      type="button"
    >
      8
    </button>
    <button
      onClick={[Function]}
      type="button"
    >
      7
    </button>
    <button
      onClick={[Function]}
      type="button"
    >
      9
    </button>
    <button
      className="sacndry-color"
      onClick={[Function]}
      type="button"
    >
      x
    </button>
    <button
      onClick={[Function]}
      type="button"
    >
      4
    </button>
    <button
      onClick={[Function]}
      type="button"
    >
      5
    </button>
    <button
      onClick={[Function]}
      type="button"
    >
      6
    </button>
    <button
      className="sacndry-color"
      onClick={[Function]}
      type="button"
    >
      -
    </button>
    <button
      onClick={[Function]}
      type="button"
    >
      1
    </button>
    <button
      onClick={[Function]}
      type="button"
    >
      2
    </button>
    <button
      onClick={[Function]}
      type="button"
    >
      3
    </button>
    <button
      className="sacndry-color"
      onClick={[Function]}
      type="button"
    >
      +
    </button>
    <button
      className="zero"
      onClick={[Function]}
      type="button"
    >
      0
    </button>
    <button
      onClick={[Function]}
      type="button"
    >
      .
    </button>
    <button
      className="sacndry-color"
      onClick={[Function]}
      type="button"
    >
      =
    </button>
  </div>
</div>
`;
